Using hybrid data file: data_processed/hybrid/hybrid_data_all_stocks_20260207_093427.csv
================================================================================
HYBRID MODEL TRAINING - ALL 3 FUSION STRATEGIES
================================================================================

Models: Early Fusion | Late Fusion | Attention Fusion
Stocks: 9
Epochs: 50 per model
Features: Determined dynamically from data

================================================================================
[1/9] TRAINING AAPL
================================================================================

  Loading hybrid data for AAPL...
    Records: 1004
    Date range: 2021-01-04 05:00:00 to 2024-12-30 05:00:00
    Technical features: 35
    Sentiment features: 7

  Training Early Fusion Transformer...
Using device: cpu
Epoch [10/50] - Train Loss: 0.000344, Val Loss: 0.000004
Epoch 00014: reducing learning rate of group 0 to 5.0000e-05.
Epoch 00020: reducing learning rate of group 0 to 2.5000e-05.
Epoch [20/50] - Train Loss: 0.000269, Val Loss: 0.000011
Epoch 00026: reducing learning rate of group 0 to 1.2500e-05.
Epoch [30/50] - Train Loss: 0.000239, Val Loss: 0.000012
Epoch 00032: reducing learning rate of group 0 to 6.2500e-06.
Epoch 00038: reducing learning rate of group 0 to 3.1250e-06.
Epoch [40/50] - Train Loss: 0.000212, Val Loss: 0.000010
Epoch 00044: reducing learning rate of group 0 to 1.5625e-06.
Epoch 00050: reducing learning rate of group 0 to 7.8125e-07.
Epoch [50/50] - Train Loss: 0.000220, Val Loss: 0.000010

  Training Late Fusion Transformer...
Using device: cpu
Epoch [10/50] - Train Loss: 0.000075, Val Loss: 0.000003
Epoch 00018: reducing learning rate of group 0 to 5.0000e-05.
Epoch [20/50] - Train Loss: 0.000035, Val Loss: 0.000002
Epoch 00024: reducing learning rate of group 0 to 2.5000e-05.
Epoch 00030: reducing learning rate of group 0 to 1.2500e-05.
Epoch [30/50] - Train Loss: 0.000027, Val Loss: 0.000002
Epoch 00036: reducing learning rate of group 0 to 6.2500e-06.
Epoch [40/50] - Train Loss: 0.000026, Val Loss: 0.000003
Epoch 00042: reducing learning rate of group 0 to 3.1250e-06.
Epoch 00048: reducing learning rate of group 0 to 1.5625e-06.
Epoch [50/50] - Train Loss: 0.000025, Val Loss: 0.000003

  Training Attention Fusion Transformer...
Using device: cpu
Epoch [10/50] - Train Loss: 0.000150, Val Loss: 0.000038
Epoch 00012: reducing learning rate of group 0 to 5.0000e-05.
Epoch [20/50] - Train Loss: 0.000102, Val Loss: 0.000017
Epoch [30/50] - Train Loss: 0.000098, Val Loss: 0.000010
Epoch 00034: reducing learning rate of group 0 to 2.5000e-05.
Epoch [40/50] - Train Loss: 0.000093, Val Loss: 0.000008
Epoch [50/50] - Train Loss: 0.000085, Val Loss: 0.000008

  ✓ AAPL complete - 3 models trained

================================================================================
[2/9] TRAINING GOOGL
================================================================================

  Loading hybrid data for GOOGL...
    Records: 1004
    Date range: 2021-01-04 05:00:00 to 2024-12-30 05:00:00
    Technical features: 35
    Sentiment features: 7

  Training Early Fusion Transformer...
Using device: cpu
Epoch [10/50] - Train Loss: 0.000136, Val Loss: 0.000009
Epoch 00012: reducing learning rate of group 0 to 5.0000e-05.
Epoch [20/50] - Train Loss: 0.000106, Val Loss: 0.000004
Epoch 00027: reducing learning rate of group 0 to 2.5000e-05.
Epoch [30/50] - Train Loss: 0.000098, Val Loss: 0.000008
Epoch 00033: reducing learning rate of group 0 to 1.2500e-05.
Epoch [40/50] - Train Loss: 0.000104, Val Loss: 0.000005
Epoch 00045: reducing learning rate of group 0 to 6.2500e-06.
Epoch [50/50] - Train Loss: 0.000075, Val Loss: 0.000004

  Training Late Fusion Transformer...
Using device: cpu
Epoch [10/50] - Train Loss: 0.000104, Val Loss: 0.000015
Epoch 00011: reducing learning rate of group 0 to 5.0000e-05.
Epoch 00017: reducing learning rate of group 0 to 2.5000e-05.
Epoch [20/50] - Train Loss: 0.000069, Val Loss: 0.000005
Epoch 00023: reducing learning rate of group 0 to 1.2500e-05.
Epoch 00029: reducing learning rate of group 0 to 6.2500e-06.
Epoch [30/50] - Train Loss: 0.000059, Val Loss: 0.000008
Epoch 00035: reducing learning rate of group 0 to 3.1250e-06.
Epoch [40/50] - Train Loss: 0.000056, Val Loss: 0.000007
Epoch 00041: reducing learning rate of group 0 to 1.5625e-06.
Epoch 00047: reducing learning rate of group 0 to 7.8125e-07.
Epoch [50/50] - Train Loss: 0.000059, Val Loss: 0.000008

  Training Attention Fusion Transformer...
Using device: cpu
Epoch [10/50] - Train Loss: 0.000302, Val Loss: 0.000028
Epoch 00013: reducing learning rate of group 0 to 5.0000e-05.
Epoch 00019: reducing learning rate of group 0 to 2.5000e-05.
Epoch [20/50] - Train Loss: 0.000208, Val Loss: 0.000026
Epoch 00025: reducing learning rate of group 0 to 1.2500e-05.
Epoch [30/50] - Train Loss: 0.000205, Val Loss: 0.000003
Epoch 00032: reducing learning rate of group 0 to 6.2500e-06.
Epoch 00038: reducing learning rate of group 0 to 3.1250e-06.
Epoch [40/50] - Train Loss: 0.000205, Val Loss: 0.000013
Epoch 00044: reducing learning rate of group 0 to 1.5625e-06.
Epoch 00050: reducing learning rate of group 0 to 7.8125e-07.
Epoch [50/50] - Train Loss: 0.000203, Val Loss: 0.000010

  ✓ GOOGL complete - 3 models trained

================================================================================
[3/9] TRAINING TSLA
================================================================================

  Loading hybrid data for TSLA...
    Records: 1005
    Date range: 2021-01-04 05:00:00 to 2024-12-30 05:00:00
    Technical features: 35
    Sentiment features: 7

  Training Early Fusion Transformer...
Using device: cpu
Epoch [10/50] - Train Loss: 0.000076, Val Loss: 0.000003
Epoch [20/50] - Train Loss: 0.000027, Val Loss: 0.000003
Epoch [30/50] - Train Loss: 0.000018, Val Loss: 0.000001
Epoch [40/50] - Train Loss: 0.000015, Val Loss: 0.000001
Epoch [50/50] - Train Loss: 0.000010, Val Loss: 0.000001

  Training Late Fusion Transformer...
Using device: cpu
Epoch [10/50] - Train Loss: 0.000294, Val Loss: 0.000137
Epoch 00013: reducing learning rate of group 0 to 5.0000e-05.
Epoch 00019: reducing learning rate of group 0 to 2.5000e-05.
Epoch [20/50] - Train Loss: 0.000226, Val Loss: 0.000103
Epoch 00025: reducing learning rate of group 0 to 1.2500e-05.
Epoch [30/50] - Train Loss: 0.000178, Val Loss: 0.000131
Epoch 00031: reducing learning rate of group 0 to 6.2500e-06.
Epoch 00037: reducing learning rate of group 0 to 3.1250e-06.
Epoch [40/50] - Train Loss: 0.000186, Val Loss: 0.000108
Epoch 00043: reducing learning rate of group 0 to 1.5625e-06.
Epoch 00049: reducing learning rate of group 0 to 7.8125e-07.
Epoch [50/50] - Train Loss: 0.000160, Val Loss: 0.000102

  Training Attention Fusion Transformer...
Using device: cpu
Epoch [10/50] - Train Loss: 0.000330, Val Loss: 0.000008
Epoch 00018: reducing learning rate of group 0 to 5.0000e-05.
Epoch [20/50] - Train Loss: 0.000211, Val Loss: 0.000025
Epoch 00024: reducing learning rate of group 0 to 2.5000e-05.
Epoch [30/50] - Train Loss: 0.000194, Val Loss: 0.000006
Epoch 00032: reducing learning rate of group 0 to 1.2500e-05.
Epoch 00038: reducing learning rate of group 0 to 6.2500e-06.
Epoch [40/50] - Train Loss: 0.000188, Val Loss: 0.000003
Epoch 00050: reducing learning rate of group 0 to 3.1250e-06.
Epoch [50/50] - Train Loss: 0.000210, Val Loss: 0.000006

  ✓ TSLA complete - 3 models trained

================================================================================
[4/9] TRAINING AMZN
================================================================================

  Loading hybrid data for AMZN...
    Records: 1004
    Date range: 2021-01-04 05:00:00 to 2024-12-30 05:00:00
    Technical features: 35
    Sentiment features: 7

  Training Early Fusion Transformer...
Using device: cpu
Epoch [10/50] - Train Loss: 0.000117, Val Loss: 0.000014
Epoch [20/50] - Train Loss: 0.000063, Val Loss: 0.000002
Epoch [30/50] - Train Loss: 0.000053, Val Loss: 0.000001
Epoch [40/50] - Train Loss: 0.000049, Val Loss: 0.000000
Epoch 00046: reducing learning rate of group 0 to 5.0000e-05.
Epoch [50/50] - Train Loss: 0.000043, Val Loss: 0.000000

  Training Late Fusion Transformer...
Using device: cpu
Epoch 00009: reducing learning rate of group 0 to 5.0000e-05.
Epoch [10/50] - Train Loss: 0.000198, Val Loss: 0.000176
Epoch 00015: reducing learning rate of group 0 to 2.5000e-05.
Epoch [20/50] - Train Loss: 0.000134, Val Loss: 0.000091
Epoch 00021: reducing learning rate of group 0 to 1.2500e-05.
Epoch 00027: reducing learning rate of group 0 to 6.2500e-06.
Epoch [30/50] - Train Loss: 0.000142, Val Loss: 0.000106
Epoch 00033: reducing learning rate of group 0 to 3.1250e-06.
Epoch 00039: reducing learning rate of group 0 to 1.5625e-06.
Epoch [40/50] - Train Loss: 0.000122, Val Loss: 0.000091
Epoch 00045: reducing learning rate of group 0 to 7.8125e-07.
Epoch [50/50] - Train Loss: 0.000133, Val Loss: 0.000093

  Training Attention Fusion Transformer...
Using device: cpu
Epoch [10/50] - Train Loss: 0.000338, Val Loss: 0.000004
Epoch [20/50] - Train Loss: 0.000222, Val Loss: 0.000002
Epoch 00026: reducing learning rate of group 0 to 5.0000e-05.
Epoch [30/50] - Train Loss: 0.000198, Val Loss: 0.000002
Epoch 00033: reducing learning rate of group 0 to 2.5000e-05.
Epoch 00039: reducing learning rate of group 0 to 1.2500e-05.
Epoch [40/50] - Train Loss: 0.000181, Val Loss: 0.000004
Epoch 00045: reducing learning rate of group 0 to 6.2500e-06.
Epoch [50/50] - Train Loss: 0.000173, Val Loss: 0.000020

  ✓ AMZN complete - 3 models trained

================================================================================
[5/9] TRAINING MSFT
================================================================================

  Loading hybrid data for MSFT...
    Records: 1007
    Date range: 2021-01-04 05:00:00 to 2024-12-30 05:00:00
    Technical features: 35
    Sentiment features: 7

  Training Early Fusion Transformer...
Using device: cpu
Epoch [10/50] - Train Loss: 0.000088, Val Loss: 0.000053
Epoch 00011: reducing learning rate of group 0 to 5.0000e-05.
Epoch 00017: reducing learning rate of group 0 to 2.5000e-05.
Epoch [20/50] - Train Loss: 0.000056, Val Loss: 0.000046
Epoch 00023: reducing learning rate of group 0 to 1.2500e-05.
Epoch 00029: reducing learning rate of group 0 to 6.2500e-06.
Epoch [30/50] - Train Loss: 0.000048, Val Loss: 0.000038
Epoch 00035: reducing learning rate of group 0 to 3.1250e-06.
Epoch [40/50] - Train Loss: 0.000051, Val Loss: 0.000034
Epoch 00041: reducing learning rate of group 0 to 1.5625e-06.
Epoch 00047: reducing learning rate of group 0 to 7.8125e-07.
Epoch [50/50] - Train Loss: 0.000051, Val Loss: 0.000035

  Training Late Fusion Transformer...
Using device: cpu
Epoch [10/50] - Train Loss: 0.000114, Val Loss: 0.000004
Epoch [20/50] - Train Loss: 0.000074, Val Loss: 0.000005
Epoch 00027: reducing learning rate of group 0 to 5.0000e-05.
Epoch [30/50] - Train Loss: 0.000049, Val Loss: 0.000002
Epoch 00033: reducing learning rate of group 0 to 2.5000e-05.
Epoch [40/50] - Train Loss: 0.000047, Val Loss: 0.000001
Epoch 00050: reducing learning rate of group 0 to 1.2500e-05.
Epoch [50/50] - Train Loss: 0.000049, Val Loss: 0.000002

  Training Attention Fusion Transformer...
Using device: cpu
Epoch [10/50] - Train Loss: 0.000129, Val Loss: 0.000020
Epoch 00016: reducing learning rate of group 0 to 5.0000e-05.
Epoch [20/50] - Train Loss: 0.000096, Val Loss: 0.000027
Epoch 00022: reducing learning rate of group 0 to 2.5000e-05.
Epoch 00028: reducing learning rate of group 0 to 1.2500e-05.
Epoch [30/50] - Train Loss: 0.000082, Val Loss: 0.000050
Epoch 00034: reducing learning rate of group 0 to 6.2500e-06.
Epoch 00040: reducing learning rate of group 0 to 3.1250e-06.
Epoch [40/50] - Train Loss: 0.000080, Val Loss: 0.000046
Epoch 00046: reducing learning rate of group 0 to 1.5625e-06.
Epoch [50/50] - Train Loss: 0.000080, Val Loss: 0.000043

  ✓ MSFT complete - 3 models trained

================================================================================
[6/9] TRAINING RELIANCE.NS
================================================================================

  Loading hybrid data for RELIANCE.NS...
    Records: 986
    Date range: 2020-12-31 18:30:00 to 2024-12-29 18:30:00
    Technical features: 35
    Sentiment features: 7

  Training Early Fusion Transformer...
Using device: cpu
Epoch 00008: reducing learning rate of group 0 to 5.0000e-05.
Epoch [10/50] - Train Loss: 0.000084, Val Loss: 0.000173
Epoch 00014: reducing learning rate of group 0 to 2.5000e-05.
Epoch 00020: reducing learning rate of group 0 to 1.2500e-05.
Epoch [20/50] - Train Loss: 0.000056, Val Loss: 0.000163
Epoch 00026: reducing learning rate of group 0 to 6.2500e-06.
Epoch [30/50] - Train Loss: 0.000053, Val Loss: 0.000139
Epoch 00032: reducing learning rate of group 0 to 3.1250e-06.
Epoch 00038: reducing learning rate of group 0 to 1.5625e-06.
Epoch [40/50] - Train Loss: 0.000055, Val Loss: 0.000135
Epoch 00044: reducing learning rate of group 0 to 7.8125e-07.
Epoch 00050: reducing learning rate of group 0 to 3.9063e-07.
Epoch [50/50] - Train Loss: 0.000050, Val Loss: 0.000138

  Training Late Fusion Transformer...
Using device: cpu
Epoch 00007: reducing learning rate of group 0 to 5.0000e-05.
Epoch [10/50] - Train Loss: 0.000149, Val Loss: 0.000199
Epoch 00013: reducing learning rate of group 0 to 2.5000e-05.
Epoch 00019: reducing learning rate of group 0 to 1.2500e-05.
Epoch [20/50] - Train Loss: 0.000103, Val Loss: 0.000176
Epoch 00025: reducing learning rate of group 0 to 6.2500e-06.
Epoch [30/50] - Train Loss: 0.000082, Val Loss: 0.000182
Epoch 00031: reducing learning rate of group 0 to 3.1250e-06.
Epoch 00037: reducing learning rate of group 0 to 1.5625e-06.
Epoch [40/50] - Train Loss: 0.000085, Val Loss: 0.000183
Epoch 00043: reducing learning rate of group 0 to 7.8125e-07.
Epoch 00049: reducing learning rate of group 0 to 3.9063e-07.
Epoch [50/50] - Train Loss: 0.000088, Val Loss: 0.000169

  Training Attention Fusion Transformer...
Using device: cpu
Epoch [10/50] - Train Loss: 0.000214, Val Loss: 0.000117
Epoch 00011: reducing learning rate of group 0 to 5.0000e-05.
Epoch 00017: reducing learning rate of group 0 to 2.5000e-05.
Epoch [20/50] - Train Loss: 0.000154, Val Loss: 0.000062
Epoch 00023: reducing learning rate of group 0 to 1.2500e-05.
Epoch 00029: reducing learning rate of group 0 to 6.2500e-06.
Epoch [30/50] - Train Loss: 0.000159, Val Loss: 0.000086
Epoch 00035: reducing learning rate of group 0 to 3.1250e-06.
Epoch [40/50] - Train Loss: 0.000165, Val Loss: 0.000100
Epoch 00041: reducing learning rate of group 0 to 1.5625e-06.
Epoch 00047: reducing learning rate of group 0 to 7.8125e-07.
Epoch [50/50] - Train Loss: 0.000146, Val Loss: 0.000093

  ✓ RELIANCE.NS complete - 3 models trained

================================================================================
[7/9] TRAINING TCS.NS
================================================================================

  Loading hybrid data for TCS.NS...
    Records: 986
    Date range: 2020-12-31 18:30:00 to 2024-12-29 18:30:00
    Technical features: 35
    Sentiment features: 7

  Training Early Fusion Transformer...
Using device: cpu
Epoch 00007: reducing learning rate of group 0 to 5.0000e-05.
Epoch [10/50] - Train Loss: 0.000232, Val Loss: 0.000616
Epoch 00013: reducing learning rate of group 0 to 2.5000e-05.
Epoch 00019: reducing learning rate of group 0 to 1.2500e-05.
Epoch [20/50] - Train Loss: 0.000154, Val Loss: 0.000642
Epoch 00025: reducing learning rate of group 0 to 6.2500e-06.
Epoch [30/50] - Train Loss: 0.000148, Val Loss: 0.000640
Epoch 00031: reducing learning rate of group 0 to 3.1250e-06.
Epoch 00037: reducing learning rate of group 0 to 1.5625e-06.
Epoch [40/50] - Train Loss: 0.000142, Val Loss: 0.000623
Epoch 00043: reducing learning rate of group 0 to 7.8125e-07.
Epoch 00049: reducing learning rate of group 0 to 3.9063e-07.
Epoch [50/50] - Train Loss: 0.000144, Val Loss: 0.000602

  Training Late Fusion Transformer...
Using device: cpu
Epoch [10/50] - Train Loss: 0.000079, Val Loss: 0.000539
Epoch 00014: reducing learning rate of group 0 to 5.0000e-05.
Epoch 00020: reducing learning rate of group 0 to 2.5000e-05.
Epoch [20/50] - Train Loss: 0.000064, Val Loss: 0.000451
Epoch 00026: reducing learning rate of group 0 to 1.2500e-05.
Epoch [30/50] - Train Loss: 0.000060, Val Loss: 0.000455
Epoch 00032: reducing learning rate of group 0 to 6.2500e-06.
Epoch 00038: reducing learning rate of group 0 to 3.1250e-06.
Epoch [40/50] - Train Loss: 0.000062, Val Loss: 0.000444
Epoch 00044: reducing learning rate of group 0 to 1.5625e-06.
Epoch 00050: reducing learning rate of group 0 to 7.8125e-07.
Epoch [50/50] - Train Loss: 0.000062, Val Loss: 0.000447

  Training Attention Fusion Transformer...
Using device: cpu
Epoch [10/50] - Train Loss: 0.000800, Val Loss: 0.000193
Epoch [20/50] - Train Loss: 0.000602, Val Loss: 0.000281
Epoch 00029: reducing learning rate of group 0 to 5.0000e-05.
Epoch [30/50] - Train Loss: 0.000488, Val Loss: 0.000614
Epoch 00035: reducing learning rate of group 0 to 2.5000e-05.
Epoch [40/50] - Train Loss: 0.000525, Val Loss: 0.000366
Epoch 00041: reducing learning rate of group 0 to 1.2500e-05.
Epoch 00047: reducing learning rate of group 0 to 6.2500e-06.
Epoch [50/50] - Train Loss: 0.000427, Val Loss: 0.000353

  ✓ TCS.NS complete - 3 models trained

================================================================================
[8/9] TRAINING INFY.NS
================================================================================

  Loading hybrid data for INFY.NS...
    Records: 986
    Date range: 2020-12-31 18:30:00 to 2024-12-29 18:30:00
    Technical features: 35
    Sentiment features: 7

  Training Early Fusion Transformer...
Using device: cpu
Epoch [10/50] - Train Loss: 0.000042, Val Loss: 0.000012
Epoch 00012: reducing learning rate of group 0 to 5.0000e-05.
Epoch 00018: reducing learning rate of group 0 to 2.5000e-05.
Epoch [20/50] - Train Loss: 0.000035, Val Loss: 0.000015
Epoch 00024: reducing learning rate of group 0 to 1.2500e-05.
Epoch 00030: reducing learning rate of group 0 to 6.2500e-06.
Epoch [30/50] - Train Loss: 0.000033, Val Loss: 0.000015
Epoch 00036: reducing learning rate of group 0 to 3.1250e-06.
Epoch [40/50] - Train Loss: 0.000032, Val Loss: 0.000017
Epoch 00042: reducing learning rate of group 0 to 1.5625e-06.
Epoch 00048: reducing learning rate of group 0 to 7.8125e-07.
Epoch [50/50] - Train Loss: 0.000031, Val Loss: 0.000017

  Training Late Fusion Transformer...
Using device: cpu
Epoch [10/50] - Train Loss: 0.000432, Val Loss: 0.000036
Epoch 00018: reducing learning rate of group 0 to 5.0000e-05.
Epoch [20/50] - Train Loss: 0.000277, Val Loss: 0.000032
Epoch 00024: reducing learning rate of group 0 to 2.5000e-05.
Epoch 00030: reducing learning rate of group 0 to 1.2500e-05.
Epoch [30/50] - Train Loss: 0.000249, Val Loss: 0.000107
Epoch 00036: reducing learning rate of group 0 to 6.2500e-06.
Epoch [40/50] - Train Loss: 0.000240, Val Loss: 0.000084
Epoch 00042: reducing learning rate of group 0 to 3.1250e-06.
Epoch 00048: reducing learning rate of group 0 to 1.5625e-06.
Epoch [50/50] - Train Loss: 0.000248, Val Loss: 0.000068

  Training Attention Fusion Transformer...
Using device: cpu
Epoch [10/50] - Train Loss: 0.000419, Val Loss: 0.000018
Epoch 00015: reducing learning rate of group 0 to 5.0000e-05.
Epoch [20/50] - Train Loss: 0.000336, Val Loss: 0.000079
Epoch 00025: reducing learning rate of group 0 to 2.5000e-05.
Epoch [30/50] - Train Loss: 0.000334, Val Loss: 0.000013
Epoch 00035: reducing learning rate of group 0 to 1.2500e-05.
Epoch [40/50] - Train Loss: 0.000315, Val Loss: 0.000025
Epoch 00041: reducing learning rate of group 0 to 6.2500e-06.
Epoch 00047: reducing learning rate of group 0 to 3.1250e-06.
Epoch [50/50] - Train Loss: 0.000258, Val Loss: 0.000020

  ✓ INFY.NS complete - 3 models trained

================================================================================
[9/9] TRAINING CSEALL
================================================================================

  Loading hybrid data for CSEALL...
    Records: 259
    Date range: 2021-01-01 00:00:00 to 2025-12-23 00:00:00
    Technical features: 35
    Sentiment features: 7

  Training Early Fusion Transformer...
Using device: cpu
Epoch 00008: reducing learning rate of group 0 to 5.0000e-05.
Epoch [10/50] - Train Loss: 0.006136, Val Loss: 0.025305
Epoch 00014: reducing learning rate of group 0 to 2.5000e-05.
Epoch 00020: reducing learning rate of group 0 to 1.2500e-05.
Epoch [20/50] - Train Loss: 0.004514, Val Loss: 0.022149
Epoch 00026: reducing learning rate of group 0 to 6.2500e-06.
Epoch [30/50] - Train Loss: 0.004233, Val Loss: 0.022055
Epoch 00032: reducing learning rate of group 0 to 3.1250e-06.
Epoch 00038: reducing learning rate of group 0 to 1.5625e-06.
Epoch [40/50] - Train Loss: 0.005347, Val Loss: 0.022050
Epoch 00044: reducing learning rate of group 0 to 7.8125e-07.
Epoch 00050: reducing learning rate of group 0 to 3.9063e-07.
Epoch [50/50] - Train Loss: 0.004250, Val Loss: 0.022829

  Training Late Fusion Transformer...
Using device: cpu
Epoch 00008: reducing learning rate of group 0 to 5.0000e-05.
Epoch [10/50] - Train Loss: 0.004363, Val Loss: 0.039497
Epoch 00014: reducing learning rate of group 0 to 2.5000e-05.
Epoch 00020: reducing learning rate of group 0 to 1.2500e-05.
Epoch [20/50] - Train Loss: 0.004407, Val Loss: 0.026849
Epoch 00026: reducing learning rate of group 0 to 6.2500e-06.
Epoch [30/50] - Train Loss: 0.003873, Val Loss: 0.026160
Epoch 00032: reducing learning rate of group 0 to 3.1250e-06.
Epoch 00038: reducing learning rate of group 0 to 1.5625e-06.
Epoch [40/50] - Train Loss: 0.003533, Val Loss: 0.025654
Epoch 00044: reducing learning rate of group 0 to 7.8125e-07.
Epoch 00050: reducing learning rate of group 0 to 3.9063e-07.
Epoch [50/50] - Train Loss: 0.003894, Val Loss: 0.026664

  Training Attention Fusion Transformer...
Using device: cpu
Epoch [10/50] - Train Loss: 0.002050, Val Loss: 0.030793
Epoch 00011: reducing learning rate of group 0 to 5.0000e-05.
Epoch 00017: reducing learning rate of group 0 to 2.5000e-05.
Epoch [20/50] - Train Loss: 0.001949, Val Loss: 0.020779
Epoch 00023: reducing learning rate of group 0 to 1.2500e-05.
Epoch 00029: reducing learning rate of group 0 to 6.2500e-06.
Epoch [30/50] - Train Loss: 0.002214, Val Loss: 0.025260
Epoch 00035: reducing learning rate of group 0 to 3.1250e-06.
Epoch [40/50] - Train Loss: 0.002200, Val Loss: 0.022872
Epoch 00041: reducing learning rate of group 0 to 1.5625e-06.
Epoch 00047: reducing learning rate of group 0 to 7.8125e-07.
Epoch [50/50] - Train Loss: 0.002082, Val Loss: 0.024212

  ✓ CSEALL complete - 3 models trained

================================================================================
SAVING RESULTS
================================================================================

✓ Results saved to: results/hybrid_training_results_20260207_102703.csv

Total models trained: 27
Expected: 27 (9 stocks × 3 models)

================================================================================
TRAINING SUMMARY
================================================================================

Average Performance by Model:
                      RMSE       MAE       MAPE
Model                                          
Attention_Fusion  0.049731  0.048390  55.881094
Early_Fusion      0.048261  0.046802  42.950791
Late_Fusion       0.051441  0.050253  79.904864

================================================================================
HYBRID MODEL TRAINING COMPLETE
================================================================================
